<html>
<body>
<pre>
<h1>µVision Build Log</h1>
<h2>Tool Versions:</h2>
IDE-Version: µVision V5.26.2.0
Copyright (C) 2018 ARM Ltd and ARM Germany GmbH. All rights reserved.
License Information: Stephan Feurer, InES, LIC=----
 
Tool Versions:
Toolchain:       MDK-Lite  Version: 5.26.2.0
Toolchain Path:  C:\Keil_v5\ARM\ARMCC\Bin
C Compiler:      Armcc.exe V5.06 update 6 (build 750)
Assembler:       Armasm.exe V5.06 update 6 (build 750)
Linker/Locator:  ArmLink.exe V5.06 update 6 (build 750)
Library Manager: ArmAr.exe V5.06 update 6 (build 750)
Hex Converter:   FromElf.exe V5.06 update 6 (build 750)
CPU DLL:         SARMCM3.DLL V5.26.2.0
Dialog DLL:      DARMCM1.DLL V1.19.1.0
Target DLL:      STLink\ST-LINKIII-KEIL_SWO.dll V3.0.5.0
Dialog DLL:      TARMCM1.DLL V1.14.0.0
 
<h2>Project:</h2>
U:\uVision\ctit2\project\dice.uvprojx
Project File Date:  02/19/2020

<h2>Output:</h2>
*** Using Compiler 'V5.06 update 6 (build 750)', folder: 'C:\Keil_v5\ARM\ARMCC\Bin'
Rebuild target 'Target 1'
compiling dice_counter.c...
compiling statistics.c...
compiling main.c...
assembling datainit_ctboard.s...
compiling lcd.c...
assembling startup_ctboard.s...
compiling hal_ct_lcd.c...
compiling hal_ct_seg7.c...
compiling system_ctboard.c...
compiling hal_fmc.c...
compiling hal_gpio.c...
compiling hal_pwr.c...
compiling hal_rcc.c...
linking...
Program Size: Code=4926 RO-data=446 RW-data=8 ZI-data=8192  
".\build\dice.axf" - 0 Error(s), 0 Warning(s).

<h2>Software Packages used:</h2>

Package Vendor: InES
                https://ennis.zhaw.ch/pack/InES.CTBoard14_DFP.4.0.2.pack
                InES.CTBoard14_DFP.4.0.2
                CT Board 14 (STM32F429ZI) Device Support
   * Component: Startup Version: 4.0.1
   * Component: 7 segment Version: 4.0.0
   * Component: LCD Version: 3.0.3
   * Component: FMC Version: 3.0.1
   * Component: GPIO Version: 4.0.1
   * Component: PWR Version: 2.2.0
   * Component: RCC Version: 4.0.1

<h2>Collection of Component include folders:</h2>
  .\RTE\_Target_1
  C:\Keil_v5\ARM\PACK\InES\CTBoard14_DFP\4.0.2\Device\Include
  C:\Keil_v5\ARM\PACK\InES\CTBoard14_DFP\4.0.2\Device\Include\m0
  C:\Keil_v5\ARM\PACK\InES\CTBoard14_DFP\4.0.2\HAL\Include

<h2>Collection of Component Files used:</h2>

   * Component: InES::Device:Startup:4.0.1
      Include file:  Device\Include\m0\platform_ctboard.h
      Include file:  Device\Include\reg_stm32f4xx.h
      Source file:   Device\Source\datainit_ctboard.s
      Source file:   Device\Source\system_ctboard.c
      Include file:  Device\Include\reg_ctboard.h
      Include file:  Device\Include\system_ctboard.h
      Source file:   Device\Source\startup_ctboard.s

   * Component: InES::HAL:CT Board:7 segment:4.0.0
      Include file:  Device\Include\reg_ctboard.h
      Source file:   HAL\Source\hal_ct_seg7.c
      Include file:  HAL\Include\hal_ct_seg7.h

   * Component: InES::HAL:CT Board:LCD:3.0.3
      Include file:  Device\Include\reg_ctboard.h
      Source file:   HAL\Source\hal_ct_lcd.c
      Include file:  HAL\Include\hal_ct_lcd.h

   * Component: InES::HAL:FMC:3.0.1
      Include file:  Device\Include\reg_stm32f4xx.h
      Include file:  HAL\Include\hal_common.h
      Include file:  HAL\Include\hal_fmc.h
      Source file:   HAL\Source\hal_fmc.c

   * Component: InES::HAL:GPIO:4.0.1
      Include file:  Device\Include\reg_stm32f4xx.h
      Include file:  HAL\Include\hal_common.h
      Source file:   HAL\Source\hal_gpio.c
      Include file:  HAL\Include\hal_gpio.h

   * Component: InES::HAL:PWR:2.2.0
      Source file:   HAL\Source\hal_pwr.c
      Include file:  HAL\Include\hal_pwr.h
      Include file:  HAL\Include\hal_common.h
      Include file:  Device\Include\reg_stm32f4xx.h

   * Component: InES::HAL:RCC:4.0.1
      Include file:  HAL\Include\hal_rcc.h
      Include file:  Device\Include\reg_stm32f4xx.h
      Source file:   HAL\Source\hal_rcc.c
      Include file:  HAL\Include\hal_common.h
Build Time Elapsed:  00:00:03
</pre>
</body>
</html>
