<html>
<body>
<pre>
<h1>µVision Build Log</h1>
<h2>Tool Versions:</h2>
IDE-Version: µVision V5.29.0.0
Copyright (C) 2019 ARM Ltd and ARM Germany GmbH. All rights reserved.
License Information: Gabriele Pace, ZHAW, LIC=----
 
Tool Versions:
Toolchain:       MDK-Lite  Version: 5.29.0.0
Toolchain Path:  C:\Keil_v5\ARM\ARMCC\Bin
C Compiler:      Armcc.exe V5.06 update 6 (build 750)
Assembler:       Armasm.exe V5.06 update 6 (build 750)
Linker/Locator:  ArmLink.exe V5.06 update 6 (build 750)
Library Manager: ArmAr.exe V5.06 update 6 (build 750)
Hex Converter:   FromElf.exe V5.06 update 6 (build 750)
CPU DLL:         SARMCM3.DLL V5.29.0.0
Dialog DLL:      DARMCM1.DLL V1.19.2.0
Target DLL:      STLink\ST-LINKIII-KEIL_SWO.dll V3.0.7.0
Dialog DLL:      TARMCM1.DLL V1.14.1.0
 
<h2>Project:</h2>
C:\Users\Gabriele Pace\ZHAW\CTIT2_Praktikum\Praktikum4\project\Lab.uvprojx
Project File Date:  03/25/2020

<h2>Output:</h2>
*** Using Compiler 'V5.06 update 6 (build 750)', folder: 'C:\Keil_v5\ARM\ARMCC\Bin'
Rebuild target 'Target 1'
compiling hal_pwr.c...
assembling startup_ctboard.s...
assembling datainit_ctboard.s...
compiling main.c...
app\main.c(90): warning:  #177-D: function "normalize_value"  was declared but never referenced
  static uint16_t normalize_value(uint16_t value, adc_resolution_t resolution)
app\main.c(111): warning:  #177-D: function "display_on_lcd"  was declared but never referenced
  static void display_on_lcd(uint16_t data_3dec_places)
app\main.c: 2 warnings, 0 errors
compiling hal_ct_lcd.c...
compiling hal_fmc.c...
compiling adc.c...
compiling hal_gpio.c...
compiling hal_rcc.c...
compiling system_ctboard.c...
linking...
Program Size: Code=4872 RO-data=428 RW-data=0 ZI-data=8192  
".\build\Lab.axf" - 0 Error(s), 2 Warning(s).

<h2>Software Packages used:</h2>

Package Vendor: InES
                https://ennis.zhaw.ch/pack/InES.CTBoard14_DFP.4.0.2.pack
                InES.CTBoard14_DFP.4.0.2
                CT Board 14 (STM32F429ZI) Device Support
   * Component: Startup Version: 4.0.1
   * Component: LCD Version: 3.0.3
   * Component: FMC Version: 3.0.1
   * Component: GPIO Version: 4.0.1
   * Component: PWR Version: 2.2.0
   * Component: RCC Version: 4.0.1

<h2>Collection of Component include folders:</h2>
  .\RTE\_Target_1
  C:\Users\Gabriele Pace\AppData\Local\Arm\Packs\InES\CTBoard14_DFP\4.0.2\Device\Include
  C:\Users\Gabriele Pace\AppData\Local\Arm\Packs\InES\CTBoard14_DFP\4.0.2\Device\Include\m0
  C:\Users\Gabriele Pace\AppData\Local\Arm\Packs\InES\CTBoard14_DFP\4.0.2\HAL\Include

<h2>Collection of Component Files used:</h2>

   * Component: InES::Device:Startup:4.0.1
      Source file:   Device\Source\startup_ctboard.s
      Include file:  Device\Include\reg_ctboard.h
      Source file:   Device\Source\datainit_ctboard.s
      Include file:  Device\Include\system_ctboard.h
      Source file:   Device\Source\system_ctboard.c
      Include file:  Device\Include\m0\platform_ctboard.h
      Include file:  Device\Include\reg_stm32f4xx.h

   * Component: InES::HAL:CT Board:LCD:3.0.3
      Source file:   HAL\Source\hal_ct_lcd.c
      Include file:  Device\Include\reg_ctboard.h
      Include file:  HAL\Include\hal_ct_lcd.h

   * Component: InES::HAL:FMC:3.0.1
      Include file:  HAL\Include\hal_common.h
      Include file:  HAL\Include\hal_fmc.h
      Source file:   HAL\Source\hal_fmc.c
      Include file:  Device\Include\reg_stm32f4xx.h

   * Component: InES::HAL:GPIO:4.0.1
      Source file:   HAL\Source\hal_gpio.c
      Include file:  Device\Include\reg_stm32f4xx.h
      Include file:  HAL\Include\hal_common.h
      Include file:  HAL\Include\hal_gpio.h

   * Component: InES::HAL:PWR:2.2.0
      Include file:  Device\Include\reg_stm32f4xx.h
      Include file:  HAL\Include\hal_pwr.h
      Source file:   HAL\Source\hal_pwr.c
      Include file:  HAL\Include\hal_common.h

   * Component: InES::HAL:RCC:4.0.1
      Include file:  Device\Include\reg_stm32f4xx.h
      Include file:  HAL\Include\hal_common.h
      Include file:  HAL\Include\hal_rcc.h
      Source file:   HAL\Source\hal_rcc.c
Build Time Elapsed:  00:00:00
</pre>
</body>
</html>
